// Jest Snapshot v1, https://goo.gl/fbAQLP

exports[`<LeftPads /> should render the component 1`] = `
.c2 {
  width: 90px;
  height: 90px;
  color: var(--font-pads);
  display: -webkit-box;
  display: -webkit-flex;
  display: -ms-flexbox;
  display: flex;
  font-size: 35px;
  -webkit-align-items: center;
  -webkit-box-align: center;
  -ms-flex-align: center;
  align-items: center;
  -webkit-box-pack: center;
  -webkit-justify-content: center;
  -ms-flex-pack: center;
  justify-content: center;
  cursor: pointer;
  -webkit-user-select: none;
  -moz-user-select: none;
  -ms-user-select: none;
  user-select: none;
}

.c0 {
  display: -webkit-box;
  display: -webkit-flex;
  display: -ms-flexbox;
  display: flex;
  -webkit-flex-direction: column;
  -ms-flex-direction: column;
  flex-direction: column;
}

.c4 {
  display: -webkit-box;
  display: -webkit-flex;
  display: -ms-flexbox;
  display: flex;
  -webkit-flex-direction: row;
  -ms-flex-direction: row;
  flex-direction: row;
}

.c1 {
  display: grid;
  grid-template-columns: repeat(auto-fill,minmax(90px,1fr));
  grid-template-rows: repeat(auto-fill,minmax(90px,1fr));
  width: calc(450px - 90px - 90px);
  max-height: calc(450px - 90px);
}

.c3 {
  background-color: var(--secondary-operations);
}

.c5 {
  width: calc(90px + 90px);
}

<div
  class="c0"
>
  <div
    class="c1"
  >
    <div
      class="c2 c3"
    >
      CE
    </div>
    <div
      class="c2 c3"
    >
      C
    </div>
    <div
      class="c2 c3"
    >
      +/-
    </div>
    <div
      class="c2"
    >
      7
    </div>
    <div
      class="c2"
    >
      8
    </div>
    <div
      class="c2"
    >
      9
    </div>
    <div
      class="c2"
    >
      4
    </div>
    <div
      class="c2"
    >
      5
    </div>
    <div
      class="c2"
    >
      6
    </div>
    <div
      class="c2"
    >
      1
    </div>
    <div
      class="c2"
    >
      2
    </div>
    <div
      class="c2"
    >
      3
    </div>
  </div>
  <div
    class="c4"
  >
    <div
      class="c2 c5"
    >
      0
    </div>
    <div
      class="c2"
    >
      .
    </div>
  </div>
</div>
`;
