// Jest Snapshot v1, https://goo.gl/fbAQLP

exports[`<BasicOperationPads /> should render the component 1`] = `
.c1 {
  width: var(--pad-width);
  height: var(--pad-height);
  color: var(--font-pads);
  display: -webkit-box;
  display: -webkit-flex;
  display: -ms-flexbox;
  display: flex;
  font-size: var(--default-font-size);
  -webkit-align-items: center;
  -webkit-box-align: center;
  -ms-flex-align: center;
  align-items: center;
  -webkit-box-pack: center;
  -webkit-justify-content: center;
  -ms-flex-pack: center;
  justify-content: center;
  cursor: pointer;
  -webkit-user-select: none;
  -moz-user-select: none;
  -ms-user-select: none;
  user-select: none;
}

.c0 {
  display: -webkit-box;
  display: -webkit-flex;
  display: -ms-flexbox;
  display: flex;
  -webkit-flex-direction: column;
  -ms-flex-direction: column;
  flex-direction: column;
}

.c2 {
  background: var(--theme-primary);
  color: #fff !important;
}

.c3 {
  background: linear-gradient( 180deg, var(--theme-primary) 9%, var(--theme-secondary) 100% );
  color: #fff !important;
}

.c4 {
  background: var(--theme-secondary);
  color: #fff !important;
}

.c4:last-child {
  border-radius: 0 0 1.5rem 0;
}

<div
  class="c0"
>
  <div
    class="c1 c2"
  >
    /
  </div>
  <div
    class="c1 c3"
  >
    *
  </div>
  <div
    class="c1 c4"
  >
    -
  </div>
  <div
    class="c1 c4"
  >
    +
  </div>
  <div
    class="c1 c4"
  >
    =
  </div>
</div>
`;
