// Jest Snapshot v1, https://goo.gl/fbAQLP

exports[`<BasicOperationPads /> should render the component 1`] = `
.c1.c1 {
  width: var(--pad-width);
  height: var(--pad-height);
  color: var(--font-pads-color);
  display: -webkit-box;
  display: -webkit-flex;
  display: -ms-flexbox;
  display: flex;
  font-size: var(--default-font-size);
  -webkit-align-items: center;
  -webkit-box-align: center;
  -ms-flex-align: center;
  align-items: center;
  -webkit-box-pack: center;
  -webkit-justify-content: center;
  -ms-flex-pack: center;
  justify-content: center;
  cursor: pointer;
  -webkit-user-select: none;
  -moz-user-select: none;
  -ms-user-select: none;
  user-select: none;
  border-radius: 0;
}

.c1.c1:hover {
  background-color: #fff;
}

.c0 {
  display: -webkit-box;
  display: -webkit-flex;
  display: -ms-flexbox;
  display: flex;
  -webkit-flex-direction: column;
  -ms-flex-direction: column;
  flex-direction: column;
}

.c2.c2 {
  background: var(--theme-secondary);
  color: #fff !important;
}

.c2.c2:hover {
  background: var(--theme-secondary);
}

.c3.c3 {
  background: linear-gradient( 180deg, var(--theme-secondary) 9%, var(--theme-primary) 100% );
  color: #fff !important;
}

.c4.c4 {
  background: var(--theme-primary);
  color: #fff !important;
}

.c4.c4:last-child {
  border-radius: 0 0 1.5rem 0;
}

.c4.c4:hover {
  background: var(--theme-primary);
}

<div
  class="c0"
>
  <button
    class="MuiButtonBase-root MuiButton-root MuiButton-text MuiButton-textPrimary MuiButton-sizeMedium MuiButton-textSizeMedium MuiButton-root MuiButton-text MuiButton-textPrimary MuiButton-sizeMedium MuiButton-textSizeMedium c1 c2 css-1e6y48t-MuiButtonBase-root-MuiButton-root"
    tabindex="0"
    type="button"
  >
    /
    <span
      class="MuiTouchRipple-root css-8je8zh-MuiTouchRipple-root"
    />
  </button>
  <button
    class="MuiButtonBase-root MuiButton-root MuiButton-text MuiButton-textPrimary MuiButton-sizeMedium MuiButton-textSizeMedium MuiButton-root MuiButton-text MuiButton-textPrimary MuiButton-sizeMedium MuiButton-textSizeMedium c1 c3 css-1e6y48t-MuiButtonBase-root-MuiButton-root"
    tabindex="0"
    type="button"
  >
    *
    <span
      class="MuiTouchRipple-root css-8je8zh-MuiTouchRipple-root"
    />
  </button>
  <button
    class="MuiButtonBase-root MuiButton-root MuiButton-text MuiButton-textPrimary MuiButton-sizeMedium MuiButton-textSizeMedium MuiButton-root MuiButton-text MuiButton-textPrimary MuiButton-sizeMedium MuiButton-textSizeMedium c1 c4 css-1e6y48t-MuiButtonBase-root-MuiButton-root"
    tabindex="0"
    type="button"
  >
    -
    <span
      class="MuiTouchRipple-root css-8je8zh-MuiTouchRipple-root"
    />
  </button>
  <button
    class="MuiButtonBase-root MuiButton-root MuiButton-text MuiButton-textPrimary MuiButton-sizeMedium MuiButton-textSizeMedium MuiButton-root MuiButton-text MuiButton-textPrimary MuiButton-sizeMedium MuiButton-textSizeMedium c1 c4 css-1e6y48t-MuiButtonBase-root-MuiButton-root"
    tabindex="0"
    type="button"
  >
    +
    <span
      class="MuiTouchRipple-root css-8je8zh-MuiTouchRipple-root"
    />
  </button>
  <button
    class="MuiButtonBase-root MuiButton-root MuiButton-text MuiButton-textPrimary MuiButton-sizeMedium MuiButton-textSizeMedium MuiButton-root MuiButton-text MuiButton-textPrimary MuiButton-sizeMedium MuiButton-textSizeMedium c1 c4 css-1e6y48t-MuiButtonBase-root-MuiButton-root"
    tabindex="0"
    type="button"
  >
    =
    <span
      class="MuiTouchRipple-root css-8je8zh-MuiTouchRipple-root"
    />
  </button>
</div>
`;
