// Jest Snapshot v1, https://goo.gl/fbAQLP

exports[`<NumberPads /> should render the component 1`] = `
.c2 {
  width: var(--pad-width);
  height: var(--pad-height);
  color: var(--font-pads);
  display: -webkit-box;
  display: -webkit-flex;
  display: -ms-flexbox;
  display: flex;
  font-size: var(--default-font-size);
  -webkit-align-items: center;
  -webkit-box-align: center;
  -ms-flex-align: center;
  align-items: center;
  -webkit-box-pack: center;
  -webkit-justify-content: center;
  -ms-flex-pack: center;
  justify-content: center;
  cursor: pointer;
  -webkit-user-select: none;
  -moz-user-select: none;
  -ms-user-select: none;
  user-select: none;
}

.c0 {
  display: -webkit-box;
  display: -webkit-flex;
  display: -ms-flexbox;
  display: flex;
  -webkit-flex-direction: column;
  -ms-flex-direction: column;
  flex-direction: column;
}

.c3 {
  display: -webkit-box;
  display: -webkit-flex;
  display: -ms-flexbox;
  display: flex;
  -webkit-flex-direction: row;
  -ms-flex-direction: row;
  flex-direction: row;
}

.c1 {
  -webkit-transform: translateY(var(--pad-width));
  -ms-transform: translateY(var(--pad-width));
  transform: translateY(var(--pad-width));
  display: grid;
  grid-template-columns: repeat(auto-fill,minmax(var(--pad-width),1fr));
  grid-template-rows: repeat(auto-fill,minmax(var(--pad-width),1fr));
  width: calc(450px - var(--pad-width) - var(--pad-width));
  max-height: calc(450px - var(--pad-width));
}

.c4 {
  width: calc(var(--pad-width) * 2);
}

<div
  class="c0"
>
  <div
    class="c1"
  >
    <div
      class="c2"
    >
      7
    </div>
    <div
      class="c2"
    >
      8
    </div>
    <div
      class="c2"
    >
      9
    </div>
    <div
      class="c2"
    >
      4
    </div>
    <div
      class="c2"
    >
      5
    </div>
    <div
      class="c2"
    >
      6
    </div>
    <div
      class="c2"
    >
      1
    </div>
    <div
      class="c2"
    >
      2
    </div>
    <div
      class="c2"
    >
      3
    </div>
  </div>
  <div
    class="c3"
  >
    <div
      class="c2 c4"
    >
      0
    </div>
    <div
      class="c2"
    >
      .
    </div>
  </div>
</div>
`;
