// Jest Snapshot v1, https://goo.gl/fbAQLP

exports[`<Calculator /> should render the component 1`] = `
.c1 {
  width: var(--calculator-width);
  height: var(--calculator-height);
  border-radius: 1.5rem 1.5rem 0 0;
  display: -webkit-box;
  display: -webkit-flex;
  display: -ms-flexbox;
  display: flex;
  -webkit-align-items: flex-end;
  -webkit-box-align: flex-end;
  -ms-flex-align: flex-end;
  align-items: flex-end;
  -webkit-box-pack: end;
  -webkit-justify-content: flex-end;
  -ms-flex-pack: end;
  justify-content: flex-end;
  -webkit-flex-direction: column;
  -ms-flex-direction: column;
  flex-direction: column;
}

.c5 {
  font-size: var(--default-font-size);
  margin-right: 10px;
  color: var(--theme-primary);
  cursor: pointer;
}

.c4 {
  color: var(--font-result);
  font-size: var(--result-font-size);
  margin-right: 10px;
}

.c2 {
  display: -webkit-box;
  display: -webkit-flex;
  display: -ms-flexbox;
  display: flex;
  -webkit-flex-direction: row;
  -ms-flex-direction: row;
  flex-direction: row;
  -webkit-box-pack: justify;
  -webkit-justify-content: space-between;
  -ms-flex-pack: justify;
  justify-content: space-between;
  width: 100%;
  padding: 10px;
}

.c3 {
  font-size: var(--default-font-size);
  margin-right: 10px;
  color: var(--theme-primary);
  cursor: pointer;
}

.c7 {
  width: var(--pad-width);
  height: var(--pad-height);
  color: var(--font-pads);
  display: -webkit-box;
  display: -webkit-flex;
  display: -ms-flexbox;
  display: flex;
  font-size: var(--default-font-size);
  -webkit-align-items: center;
  -webkit-box-align: center;
  -ms-flex-align: center;
  align-items: center;
  -webkit-box-pack: center;
  -webkit-justify-content: center;
  -ms-flex-pack: center;
  justify-content: center;
  cursor: pointer;
  -webkit-user-select: none;
  -moz-user-select: none;
  -ms-user-select: none;
  user-select: none;
}

.c10 {
  display: -webkit-box;
  display: -webkit-flex;
  display: -ms-flexbox;
  display: flex;
  -webkit-flex-direction: column;
  -ms-flex-direction: column;
  flex-direction: column;
}

.c12 {
  display: -webkit-box;
  display: -webkit-flex;
  display: -ms-flexbox;
  display: flex;
  -webkit-flex-direction: row;
  -ms-flex-direction: row;
  flex-direction: row;
}

.c11 {
  -webkit-transform: translateY(var(--pad-width));
  -ms-transform: translateY(var(--pad-width));
  transform: translateY(var(--pad-width));
  display: grid;
  grid-template-columns: repeat(auto-fill,minmax(var(--pad-width),1fr));
  grid-template-rows: repeat(auto-fill,minmax(var(--pad-width),1fr));
  width: calc(450px - var(--pad-width) - var(--pad-width));
  max-height: calc(450px - var(--pad-width));
}

.c13 {
  width: calc(var(--pad-width) * 2);
}

.c16 {
  display: -webkit-box;
  display: -webkit-flex;
  display: -ms-flexbox;
  display: flex;
  -webkit-flex-direction: column;
  -ms-flex-direction: column;
  flex-direction: column;
}

.c17 {
  background: var(--theme-primary);
  color: #fff !important;
}

.c18 {
  background: linear-gradient( 180deg, var(--theme-primary) 9%, var(--theme-secondary) 100% );
  color: #fff !important;
}

.c19 {
  background: var(--theme-secondary);
  color: #fff !important;
}

.c19:last-child {
  border-radius: 0 0 1.5rem 0;
}

.c0 {
  width: var(--calculator-width);
  background-color: #fff;
  border-radius: 1.5rem;
  box-shadow: rgba(0,0,0,0.35) 0px 5px 15px;
}

.c9 {
  width: var(--calculator-width);
  border-radius: 0 0 1.5rem 1.5rem;
  display: -webkit-box;
  display: -webkit-f;
  display: -ms-fbox;
  display: f;
  -webkit-flex-direction: row;
  -ms-flex-direction: row;
  flex-direction: row;
}

.c14 {
  display: -webkit-box;
  display: -webkit-flex;
  display: -ms-flexbox;
  display: flex;
  -webkit-flex-direction: column;
  -ms-flex-direction: column;
  flex-direction: column;
  -webkit-transform: translateY(var(--pad-width));
  -ms-transform: translateY(var(--pad-width));
  transform: translateY(var(--pad-width));
}

.c15 {
  background-color: var(--secondary-operations);
}

.c6 {
  display: -webkit-box;
  display: -webkit-flex;
  display: -ms-flexbox;
  display: flex;
  -webkit-flex-direction: row;
  -ms-flex-direction: row;
  flex-direction: row;
  -webkit-transform: translateY(var(--pad-width));
  -ms-transform: translateY(var(--pad-width));
  transform: translateY(var(--pad-width));
  margin-top: calc(-1 * var(--pad-width));
}

.c8 {
  background-color: var(--secondary-operations);
}

<div
  class="c0"
>
  <div
    class="c1"
  >
    <div
      class="c2"
    >
      <svg
        aria-hidden="true"
        class="MuiSvgIcon-root MuiSvgIcon-fontSizeMedium c3 css-i4bv87-MuiSvgIcon-root"
        data-testid="HistoryIcon"
        focusable="false"
        viewBox="0 0 24 24"
      >
        <path
          d="M13 3c-4.97 0-9 4.03-9 9H1l3.89 3.89.07.14L9 12H6c0-3.87 3.13-7 7-7s7 3.13 7 7-3.13 7-7 7c-1.93 0-3.68-.79-4.94-2.06l-1.42 1.42C8.27 19.99 10.51 21 13 21c4.97 0 9-4.03 9-9s-4.03-9-9-9zm-1 5v5l4.28 2.54.72-1.21-3.5-2.08V8H12z"
        />
      </svg>
    </div>
    <div
      class="c4"
    >
      0
    </div>
    <svg
      aria-hidden="true"
      class="MuiSvgIcon-root MuiSvgIcon-fontSizeMedium c5 css-i4bv87-MuiSvgIcon-root"
      data-testid="BackspaceIcon"
      focusable="false"
      viewBox="0 0 24 24"
    >
      <path
        d="M22 3H7c-.69 0-1.23.35-1.59.88L0 12l5.41 8.11c.36.53.9.89 1.59.89h15c1.1 0 2-.9 2-2V5c0-1.1-.9-2-2-2zm-3 12.59L17.59 17 14 13.41 10.41 17 9 15.59 12.59 12 9 8.41 10.41 7 14 10.59 17.59 7 19 8.41 15.41 12 19 15.59z"
      />
    </svg>
  </div>
  <div
    class="c6"
  >
    <div
      class="c7 c8"
    >
      AC
    </div>
    <div
      class="c7 c8"
    >
      √
    </div>
    <div
      class="c7 c8"
    >
      xʸ
    </div>
    <div
      class="c7 c8"
    >
      %
    </div>
  </div>
  <div
    class="c9"
  >
    <div
      class="c10"
    >
      <div
        class="c11"
      >
        <div
          class="c7"
        >
          7
        </div>
        <div
          class="c7"
        >
          8
        </div>
        <div
          class="c7"
        >
          9
        </div>
        <div
          class="c7"
        >
          4
        </div>
        <div
          class="c7"
        >
          5
        </div>
        <div
          class="c7"
        >
          6
        </div>
        <div
          class="c7"
        >
          1
        </div>
        <div
          class="c7"
        >
          2
        </div>
        <div
          class="c7"
        >
          3
        </div>
      </div>
      <div
        class="c12"
      >
        <div
          class="c7 c13"
        >
          0
        </div>
        <div
          class="c7"
        >
          .
        </div>
      </div>
    </div>
    <div
      class="c14"
    >
      <div
        class="c7 c15"
      >
        M+
      </div>
      <div
        class="c7 c15"
      >
        M-
      </div>
      <div
        class="c7 c15"
      >
        MR
      </div>
      <div
        class="c7 c15"
      >
        MC
      </div>
    </div>
    <div
      class="c16"
    >
      <div
        class="c7 c17"
      >
        /
      </div>
      <div
        class="c7 c18"
      >
        *
      </div>
      <div
        class="c7 c19"
      >
        -
      </div>
      <div
        class="c7 c19"
      >
        +
      </div>
      <div
        class="c7 c19"
      >
        =
      </div>
    </div>
  </div>
</div>
`;
