// Jest Snapshot v1, https://goo.gl/fbAQLP

exports[`<History /> should render the component 1`] = `
.c0 {
  height: var(--calculator-width);
  background: var(--secondary-operations);
  display: -webkit-box;
  display: -webkit-flex;
  display: -ms-flexbox;
  display: flex;
  -webkit-flex-direction: column;
  -ms-flex-direction: column;
  flex-direction: column;
  border-radius: 0 0 1.5rem 1.5rem;
  padding-top: 1rem;
  -webkit-align-items: flex-end;
  -webkit-box-align: flex-end;
  -ms-flex-align: flex-end;
  align-items: flex-end;
  -webkit-box-pack: justify;
  -webkit-justify-content: space-between;
  -ms-flex-pack: justify;
  justify-content: space-between;
}

<div
  class="c0"
>
  <div />
</div>
`;
